should match snapshot and find document:
  1: |
    apiVersion: apps/v1
    kind: Deployment
    metadata:
      name: foo-deployment
  2: |
    apiVersion: v1
    kind: Service
    metadata:
      name: foo-service
