should succeed even with the same names:
  1: |
    apiVersion: example
    kind: ChildChart
