should pass all kinds of assertion:
  1: |
    replicas: 1
    template:
      metadata:
        labels:
          app: childchart
          release: RELEASE-NAME
      spec:
        containers:
        - image: nginx:stable
          imagePullPolicy: IfNotPresent
          livenessProbe:
            httpGet:
              path: /
              port: 8080
          name: childchart
          ports:
          - containerPort: 8080
          readinessProbe:
            httpGet:
              path: /
              port: 8080
          resources: {}
